// Jest Snapshot v1, https://goo.gl/fbAQLP

exports[`renders correctly 1`] = `
<View
  style={
    {
      "alignItems": "center",
      "flex": 1,
      "flexDirection": "row",
      "height": 50,
      "justifyContent": "center",
      "marginBottom": 10,
      "marginHorizontal": 10,
      "maxHeight": 50,
      "minHeight": 50,
    }
  }
>
  <Text
    style={
      {
        "flex": 1,
        "fontSize": 20,
      }
    }
  >
    Filter by name:
  </Text>
  <TextInput
    onChangeText={[MockFunction]}
    style={
      {
        "backgroundColor": "#fff",
        "borderColor": "#000",
        "borderRadius": 10,
        "borderWidth": 1,
        "flex": 1,
        "fontSize": 20,
        "paddingHorizontal": 5,
        "paddingVertical": 2,
      }
    }
  />
</View>
`;
