// Jest Snapshot v1, https://goo.gl/fbAQLP

exports[`renders correctly 1`] = `
<RCTSafeAreaView
  style={
    {
      "backgroundColor": "#eee",
      "flex": 1,
      "paddingTop": null,
    }
  }
>
  <View
    style={
      {
        "alignItems": "center",
        "flex": 1,
        "flexDirection": "row",
        "height": 50,
        "justifyContent": "center",
        "marginBottom": 10,
        "marginHorizontal": 10,
        "maxHeight": 50,
        "minHeight": 50,
      }
    }
  >
    <Text
      style={
        {
          "flex": 1,
          "fontSize": 20,
        }
      }
    >
      Filter by name:
    </Text>
    <TextInput
      style={
        {
          "backgroundColor": "#fff",
          "borderColor": "#000",
          "borderRadius": 10,
          "borderWidth": 1,
          "flex": 1,
          "fontSize": 20,
          "paddingHorizontal": 5,
          "paddingVertical": 2,
        }
      }
    />
  </View>
  <RCTScrollView
    ListEmptyComponent={[Function]}
    data={[]}
    getItem={[Function]}
    getItemCount={[Function]}
    keyExtractor={[Function]}
    onContentSizeChange={[Function]}
    onLayout={[Function]}
    onMomentumScrollBegin={[Function]}
    onMomentumScrollEnd={[Function]}
    onScroll={[Function]}
    onScrollBeginDrag={[Function]}
    onScrollEndDrag={[Function]}
    refreshing={false}
    removeClippedSubviews={false}
    renderItem={[Function]}
    scrollEventThrottle={0.0001}
    stickyHeaderIndices={[]}
    viewabilityConfigCallbackPairs={[]}
  >
    <View>
      <View
        style={
          {
            "padding": 10,
          }
        }
      >
        <View
          style={
            {
              "backgroundColor": "#fff",
              "borderRadius": 16,
              "borderWidth": 2,
              "flexDirection": "row",
              "justifyContent": "space-between",
              "padding": 16,
            }
          }
        >
          <Text
            style={
              {
                "fontSize": 18,
              }
            }
          >
            No countries matching the filter criteria.
          </Text>
        </View>
      </View>
    </View>
  </RCTScrollView>
</RCTSafeAreaView>
`;
